error[E0412]: cannot find type `PFN_WDFAPITHATDOESNOTEXIST` in crate `wdk_sys`
 --> tests/non-nightly/trybuild/wdf_api_that_does_not_exist.rs
  |
  | /         wdk_macros::call_unsafe_wdf_function_binding! {
  | |             WdfApiThatDoesNotExist(driver as PDRIVER_OBJECT)
  | |         }
  | |_________^ not found in `wdk_sys`
  |
  = note: this error originates in the macro `wdk_macros::call_unsafe_wdf_function_binding` (in Nightly builds, run with -Z macro-backtrace for more info)

error[E0425]: cannot find value `WdfApiThatDoesNotExistTableIndex` in module `wdk_sys::_WDFFUNCENUM`
 --> tests/non-nightly/trybuild/wdf_api_that_does_not_exist.rs
  |
  | /         wdk_macros::call_unsafe_wdf_function_binding! {
  | |             WdfApiThatDoesNotExist(driver as PDRIVER_OBJECT)
  | |         }
  | |_________^ not found in `wdk_sys::_WDFFUNCENUM`
  |
  = note: this error originates in the macro `wdk_macros::call_unsafe_wdf_function_binding` (in Nightly builds, run with -Z macro-backtrace for more info)
