error[E0133]: call to unsafe function is unsafe and requires unsafe function or block
 --> tests/trybuild/wdf_timer_create_missing_unsafe.rs
  |
  |       let _nt_status = macros::call_unsafe_wdf_function_binding!(
  |  ______________________^
  | |         WdfTimerCreate,
  | |         timer_config,
  | |         attributes,
  | |         &mut timer,
  | |     );
  | |_____^ call to unsafe function
  |
  = note: consult the function's documentation for information on how to avoid undefined behavior
  = note: this error originates in the macro `macros::call_unsafe_wdf_function_binding` (in Nightly builds, run with -Z macro-backtrace for more info)
